
> pos_test@0.1.0 build
> next build

   Ôû▓ Next.js 15.5.9
   - Environments: .env.local, .env.production
   - Experiments (use with caution):
     ┬À cpus
     ┬À workerThreads

   Creating an optimized production build ...
Failed to compile.

./app/pos/components/modals/SuccessDialog.tsx
Module not found: Can't resolve '@/components/ui/dialog-without-close'

https://nextjs.org/docs/messages/module-not-found

Import trace for requested module:
./app/pos/client-page.tsx

./app/pos/components/modals/VolumeModal.tsx
Module not found: Can't resolve '@/components/icons'

https://nextjs.org/docs/messages/module-not-found

Import trace for requested module:
./app/pos/client-page.tsx


> Build failed because of webpack errors
