
> pos_test@0.1.0 build
> next build

   Ôû▓ Next.js 15.5.9
   - Environments: .env.local, .env.production
   - Experiments (use with caution):
     ┬À cpus
     ┬À workerThreads

   Creating an optimized production build ...
Next.js build worker exited with code: 3221225477 and signal: null
